{"type":"server-started","port":51004,"host":"0.0.0.0","url_host":"198.199.123.43","url":"http://198.199.123.43:51004","screen_dir":"/root/workspace/salesos-lite/.superpowers/brainstorm/4139029-1781890217/content","state_dir":"/root/workspace/salesos-lite/.superpowers/brainstorm/4139029-1781890217/state"}
{"type":"screen-added","file":"/root/workspace/salesos-lite/.superpowers/brainstorm/4139029-1781890217/content/layout-comparison.html"}
{"source":"user-event","type":"click","text":"A\n    \n      Chatwoot 经典三栏\n      侧边栏 → 对话列表 → 聊天详情。最简洁，无冗余信息。适合快速回复场景。","choice":"three-col-basic","id":null,"timestamp":1781890340384}
{"source":"user-event","type":"click","text":"A\n    \n      Chatwoot 经典三栏\n      侧边栏 → 对话列表 → 聊天详情。最简洁，无冗余信息。适合快速回复场景。","choice":"three-col-basic","id":null,"timestamp":1781890341874}
{"source":"user-event","type":"click","text":"B\n    \n      Intercom 双栏+客户面板\n      对话列表 → 聊天详情+客户信息侧栏。上下文丰富，适合深度服务。","choice":"two-col-profile","id":null,"timestamp":1781890490891}
{"type":"screen-added","file":"/root/workspace/salesos-lite/.superpowers/brainstorm/4139029-1781890217/content/b-plus-d-fusion.html"}
{"type":"screen-added","file":"/root/workspace/salesos-lite/.superpowers/brainstorm/4139029-1781890217/content/channel-badges.html"}
{"type":"screen-added","file":"/root/workspace/salesos-lite/.superpowers/brainstorm/4139029-1781890217/content/channel-icons-v2.html"}
{"source":"user-event","type":"click","text":"✓\n    \n      图标和配色可以\n      SVG 品牌图标 + 官方色体系，专业克制。","choice":"good","id":null,"timestamp":1781890950320}
{"source":"user-event","type":"click","text":"△\n    \n      还需调整\n      具体哪里不满意？","choice":"adjust","id":null,"timestamp":1781890952825}
{"source":"user-event","type":"click","text":"✓\n    \n      图标和配色可以\n      SVG 品牌图标 + 官方色体系，专业克制。","choice":"good","id":null,"timestamp":1781890954274}
{"source":"user-event","type":"click","text":"✓\n    \n      图标和配色可以\n      SVG 品牌图标 + 官方色体系，专业克制。","choice":"good","id":null,"timestamp":1781890955743}
{"type":"screen-added","file":"/root/workspace/salesos-lite/.superpowers/brainstorm/4139029-1781890217/content/layout-redo.html"}
{"source":"user-event","type":"click","text":"B\n    双栏+客户卡片对话内嵌客户摘要，一键收起","choice":"b","id":null,"timestamp":1781891051353}
{"type":"screen-added","file":"/root/workspace/salesos-lite/.superpowers/brainstorm/4139029-1781890217/content/light-themes.html"}
{"type":"screen-added","file":"/root/workspace/salesos-lite/.superpowers/brainstorm/4139029-1781890217/content/final-mockup.html"}
{"type":"screen-added","file":"/root/workspace/salesos-lite/.superpowers/brainstorm/4139029-1781890217/content/premium-remix.html"}
{"type":"screen-added","file":"/root/workspace/salesos-lite/.superpowers/brainstorm/4139029-1781890217/content/ai-toggle.html"}
{"type":"screen-added","file":"/root/workspace/salesos-lite/.superpowers/brainstorm/4139029-1781890217/content/breathing-room.html"}
{"type":"screen-added","file":"/root/workspace/salesos-lite/.superpowers/brainstorm/4139029-1781890217/content/clean-buttons.html"}
{"type":"screen-added","file":"/root/workspace/salesos-lite/.superpowers/brainstorm/4139029-1781890217/content/3a-grade.html"}
{"type":"server-stopped","reason":"idle timeout"}
